// Jest Snapshot v1, https://goo.gl/fbAQLP

exports[`Should render GenresList 1`] = `
Array [
  <ul
    className="catalog__genres-list"
  >
    <li
      className="catalog__genres-item catalog__genres-item--active"
    >
      <a
        className="catalog__genres-link"
        onClick={[Function]}
      >
        All genres
      </a>
    </li>
    <li
      className="catalog__genres-item "
    >
      <a
        className="catalog__genres-link"
        onClick={[Function]}
      >
        Фантастика
      </a>
    </li>
    <li
      className="catalog__genres-item "
    >
      <a
        className="catalog__genres-link"
        onClick={[Function]}
      >
        комедия
      </a>
    </li>
  </ul>,
  <div
    className="catalog__movies-list"
  >
    <article
      className="small-movie-card catalog__movies-card"
      onClick={[Function]}
      onMouseOut={[Function]}
      onMouseOver={[Function]}
    >
      <div
        className="small-movie-card__image"
      >
        <img
          alt="Интерстеллар1"
          height="175"
          src="https://www.kinopoisk.ru/images/film_big/258687.jpg"
          width="280"
        />
      </div>
      <h3
        className="small-movie-card__title"
      >
        <a
          className="small-movie-card__link"
          href="movie-page.html"
          onClick={[Function]}
        >
          Интерстеллар1
        </a>
      </h3>
    </article>
    <article
      className="small-movie-card catalog__movies-card"
      onClick={[Function]}
      onMouseOut={[Function]}
      onMouseOver={[Function]}
    >
      <div
        className="small-movie-card__image"
      >
        <img
          alt="Зеленая книга"
          height="175"
          src="https://www.kinopoisk.ru/images/film_big/1108577.jpg"
          width="280"
        />
      </div>
      <h3
        className="small-movie-card__title"
      >
        <a
          className="small-movie-card__link"
          href="movie-page.html"
          onClick={[Function]}
        >
          Зеленая книга
        </a>
      </h3>
    </article>
  </div>,
]
`;
